Testing database connection...
App configured
Context entered
